// Jest Snapshot v1, https://goo.gl/fbAQLP

exports[`Loading component should render correctly 1`] = `
<div>
  <div
    class="c-lXviy"
  >
    <button
      class="c-khCkZv"
    >
      <svg
        fill="currentColor"
        height="1em"
        viewBox="0 0 256 256"
        width="1em"
        xmlns="http://www.w3.org/2000/svg"
      >
        <rect
          fill="none"
          height="256"
          width="256"
        />
        <circle
          cx="128"
          cy="128"
          fill="none"
          r="96"
          stroke="currentColor"
          stroke-linecap="round"
          stroke-linejoin="round"
          stroke-width="16"
        />
        <circle
          cx="128"
          cy="120"
          fill="none"
          r="40"
          stroke="currentColor"
          stroke-linecap="round"
          stroke-linejoin="round"
          stroke-width="16"
        />
        <path
          d="M63.8,199.4a72,72,0,0,1,128.4,0"
          fill="none"
          stroke="currentColor"
          stroke-linecap="round"
          stroke-linejoin="round"
          stroke-width="16"
        />
      </svg>
    </button>
    <div
      class="c-fwKBLg"
    >
      <div
        class="c-biAswx"
      />
    </div>
  </div>
</div>
`;
