// Vitest Snapshot v1, https://vitest.dev/guide/snapshot.html

exports[`Empty Card component > should render correctly 1`] = `
<div>
  <div
    class="flex justify-center flex-col items-center h-5/6 overflow-hidden"
  >
    <img
      alt="Imagem de carrinho vazio"
      class="w-full px-8"
      src="/empty-cart.png"
    />
    <p
      class="c-dgMvMW c-dgMvMW-kWyXas-size-md text-gray500"
    >
      Adicione algo em seu carrinho...
    </p>
  </div>
</div>
`;
