// Jest Snapshot v1, https://goo.gl/fbAQLP

exports[`Header Container component should render correctly 1`] = `
<div>
  <header
    class="c-clOfPL"
  >
    <div
      class="c-iwTvpr"
    >
      <a
        href="/"
      >
        Prompt
      </a>
      <div
        class="c-eGMMdN"
      >
        <div
          class="c-bKZIAC"
        >
          <input
            class="c-bgjSgL"
            id="search"
            placeholder="Pesquise por produtos"
            type="text"
            value=""
          />
        </div>
      </div>
      <div
        class="c-cGenGQ"
      >
        <button
          aria-label="button-redirect-login"
        >
          <svg
            fill="currentColor"
            height="1em"
            viewBox="0 0 256 256"
            width="1em"
            xmlns="http://www.w3.org/2000/svg"
          >
            <rect
              fill="none"
              height="256"
              width="256"
            />
            <circle
              cx="128"
              cy="128"
              fill="none"
              r="96"
              stroke="currentColor"
              stroke-linecap="round"
              stroke-linejoin="round"
              stroke-width="16"
            />
            <circle
              cx="128"
              cy="120"
              fill="none"
              r="40"
              stroke="currentColor"
              stroke-linecap="round"
              stroke-linejoin="round"
              stroke-width="16"
            />
            <path
              d="M63.8,199.4a72,72,0,0,1,128.4,0"
              fill="none"
              stroke="currentColor"
              stroke-linecap="round"
              stroke-linejoin="round"
              stroke-width="16"
            />
          </svg>
        </button>
        <button
          aria-label="button-toggle-sidebar"
          data-cy="button-cart"
        >
          <svg
            fill="currentColor"
            height="1em"
            viewBox="0 0 256 256"
            width="1em"
            xmlns="http://www.w3.org/2000/svg"
          >
            <rect
              fill="none"
              height="256"
              width="256"
            />
            <circle
              cx="80"
              cy="216"
              r="16"
            />
            <circle
              cx="184"
              cy="216"
              r="16"
            />
            <path
              d="M42.3,72H221.7l-26.4,92.4A15.9,15.9,0,0,1,179.9,176H84.1a15.9,15.9,0,0,1-15.4-11.6L32.5,37.8A8,8,0,0,0,24.8,32H8"
              fill="none"
              stroke="currentColor"
              stroke-linecap="round"
              stroke-linejoin="round"
              stroke-width="16"
            />
          </svg>
          <div
            class="c-egqsFx"
          >
            0
          </div>
        </button>
      </div>
    </div>
  </header>
</div>
`;
