// Jest Snapshot v1, https://goo.gl/fbAQLP

exports[`Loading component should render correctly 1`] = `
<div>
  <div
    class="c-jjpTuW c-jjpTuW-ijdaZMY-css"
  >
    <div
      class="c-hIpGLj"
    />
  </div>
</div>
`;
