// Vitest Snapshot v1, https://vitest.dev/guide/snapshot.html

exports[`Sidebar component > should render correctly 1`] = `
<div>
  <div
    class="fixed top-0 right-0 h-screen w-96 overflow-y-auto z-[9000] px-8 pt-12 bg-gray900 block transition ease-in-out duration-[1000ms] h-full max-h-full overflow-hidden box-border translate-x-full"
  >
    <button
      class="absolute top-0 right-0 pt-10 pr-10 z-[9999]"
    >
      <svg
        class="text-white text-lg"
        fill="currentColor"
        height="1em"
        viewBox="0 0 256 256"
        width="1em"
        xmlns="http://www.w3.org/2000/svg"
      >
        <rect
          fill="none"
          height="256"
          width="256"
        />
        <line
          stroke="currentColor"
          stroke-linecap="round"
          stroke-linejoin="round"
          stroke-width="16"
          x1="200"
          x2="56"
          y1="56"
          y2="200"
        />
        <line
          stroke="currentColor"
          stroke-linecap="round"
          stroke-linejoin="round"
          stroke-width="16"
          x1="200"
          x2="56"
          y1="200"
          y2="56"
        />
      </svg>
    </button>
  </div>
</div>
`;
